// Jest Snapshot v1, https://goo.gl/fbAQLP

exports[`career/Skill skill snap 1`] = `
<div>
  <div
    class="edu-container"
    style="opacity: 0;"
  >
    <div>
      <span>
        <svg
          aria-hidden="true"
          class="svg-inline--fa fa-angle-right fa-w-8 duration-500 rotate-0"
          data-icon="angle-right"
          data-prefix="fas"
          focusable="false"
          role="img"
          viewBox="0 0 256 512"
          xmlns="http://www.w3.org/2000/svg"
        >
          <path
            d="M224.3 273l-136 136c-9.4 9.4-24.6 9.4-33.9 0l-22.6-22.6c-9.4-9.4-9.4-24.6 0-33.9l96.4-96.4-96.4-96.4c-9.4-9.4-9.4-24.6 0-33.9L54.3 103c9.4-9.4 24.6-9.4 33.9 0l136 136c9.5 9.4 9.5 24.6.1 34z"
            fill="currentColor"
          />
        </svg>
         
      </span>
      <span>
        <span
          style="box-sizing: border-box; display: block; overflow: hidden; background: none; opacity: 1; border: 0px; margin: 0px; padding: 0px; position: absolute; top: 0px; left: 0px; bottom: 0px; right: 0px;"
        >
          <img
            data-nimg="fill"
            decoding="async"
            src="data:image/gif;base64,R0lGODlhAQABAIAAAAAAAP///yH5BAEAAAAALAAAAAABAAEAAAIBRAA7"
            style="position: absolute; top: 0px; left: 0px; bottom: 0px; right: 0px; box-sizing: border-box; padding: 0px; margin: auto; display: block; width: 0px; height: 0px; min-width: 100%; max-width: 100%; min-height: 100%; max-height: 100%; object-fit: cover;"
          />
          <noscript />
        </span>
      </span>
      <div>
        <h3>
          uni of teh
        </h3>
        <p>
          mechanics
        </p>
      </div>
    </div>
    <div />
    <div
      class=" h-0"
    >
      something about uni
    </div>
  </div>
</div>
`;
